ACTIONS:
  a:
    result: "1"
    result_typename: "str"
  b:
    result: 999
    result_typename: "int"
  c:
    result: 1000
    result_typename: "int"
INPUTS:

TRIGGER:
