ACTIONS:
  a:
    result:
      one: 111
      two: 222
      three: 333
    result_typename: dict
  b:
    result:
      one: 111
      two: 222
      three: 333
    result_typename: dict
  c:
    result:
      hello: world
      foo: bar
    result_typename: dict
INPUTS:

TRIGGER:
