ACTIONS:
  filter_empty:
    result:
      - signal: a
        data: [1, 2, 3]
      - signal: b
        data: [4, 5, 6]
      - signal: d
        data: [7, 8, 9]
      - signal: e
        data: [10, 11, 12]
    result_typename: list

INPUTS:
  matrix:
    - signal: a
      data: [1, 2, 3]
    - signal: b
      data: [4, 5, 6]
    - signal: c
      data: []
    - signal: d
      data: [7, 8, 9]
    - signal: e
      data: [10, 11, 12]
    - signal: f
      data: []
TRIGGER:
