ACTIONS:
  filter_empty:
    result: [[1, 2, 3], [4, 5, 6], [7, 8, 9], [10, 11, 12]]
    result_typename: list

INPUTS:
  matrix:
    - [1, 2, 3]
    - [4, 5, 6]
    - []
    - [7, 8, 9]
    - [10, 11, 12]
    - []
TRIGGER:
