ACTIONS:
  a:
    result: "1"
    result_typename: "str"
  b:
    result: 2
    result_typename: "int"
  d:
    result: 6
    result_typename: "int"
TRIGGER:
