ACTIONS:
  a:
    result: "1"
    result_typename: "str"
  b:
    result: 2
    result_typename: "int"
INPUTS:
  another_url: "http://api:8000"
  value: 1
